// Jest Snapshot v1, https://goo.gl/fbAQLP

exports[`<Album> renders the component 1`] = `
<DocumentFragment>
  <div
    class="MuiPaper-root MuiPaper-elevation MuiPaper-rounded MuiPaper-elevation1 MuiCard-root css-bhp9pd-MuiPaper-root-MuiCard-root"
  >
    <img
      alt="Discovery"
      class="MuiCardMedia-root MuiCardMedia-media MuiCardMedia-img css-o69gx8-MuiCardMedia-root"
      height="200"
      src="https://e-cdns-images.dzcdn.net/images/cover/2e018122cb56986277102d2041a592c8/500x500-000000-80-0-0.jpg"
    />
    <div
      class="MuiCardContent-root css-46bh2p-MuiCardContent-root"
    >
      <div
        class="MuiGrid-root MuiGrid-container MuiGrid-direction-xs-column css-1vpwcmr-MuiGrid-root"
      >
        <div
          class="MuiGrid-root MuiGrid-item makeStyles-title-1 makeStyles-textOverflow-3 css-13i4rnv-MuiGrid-root"
        >
          Discovery
        </div>
        <div
          class="MuiGrid-root MuiGrid-item makeStyles-releaseDate-2 makeStyles-textOverflow-3 css-13i4rnv-MuiGrid-root"
        >
          2001
        </div>
      </div>
    </div>
  </div>
</DocumentFragment>
`;
