// Jest Snapshot v1, https://goo.gl/fbAQLP

exports[`<Track> renders the component 1`] = `
<DocumentFragment>
  <div
    class="MuiGrid-root MuiGrid-container makeStyles-wrapper-1 css-d73l4p-MuiGrid-root"
  >
    <div
      class="MuiGrid-root MuiGrid-item MuiGrid-grid-xs-1 makeStyles-trackIndex-2 css-u78q51-MuiGrid-root"
    >
      0
    </div>
    <div
      class="MuiGrid-root MuiGrid-item MuiGrid-grid-xs-9 makeStyles-trackName-3 makeStyles-textOverflow-5 css-1qpzhgb-MuiGrid-root"
    >
      Harder, Better, Faster, Stronger
    </div>
    <div
      class="MuiGrid-root MuiGrid-item MuiGrid-grid-xs-2 makeStyles-trackDuration-4 css-1o7apob-MuiGrid-root"
    >
      03.73
    </div>
  </div>
</DocumentFragment>
`;
